Archive member included to satisfy reference by file (symbol)

/Applications/STM32CubeIDE.app/Contents/Eclipse/plugins/com.st.stm32cube.ide.mcu.externaltools.gnu-tools-for-stm32.13.3.rel1.macos64_1.0.0.202411102158/tools/bin/../lib/gcc/arm-none-eabi/13.3.1/../../../../arm-none-eabi/lib/thumb/v7-m/nofp/libc_nano.a(libc_a-exit.o)
                              /Applications/STM32CubeIDE.app/Contents/Eclipse/plugins/com.st.stm32cube.ide.mcu.externaltools.gnu-tools-for-stm32.13.3.rel1.macos64_1.0.0.202411102158/tools/bin/../lib/gcc/arm-none-eabi/13.3.1/../../../../arm-none-eabi/lib/thumb/v7-m/nofp/crt0.o (exit)
/Applications/STM32CubeIDE.app/Contents/Eclipse/plugins/com.st.stm32cube.ide.mcu.externaltools.gnu-tools-for-stm32.13.3.rel1.macos64_1.0.0.202411102158/tools/bin/../lib/gcc/arm-none-eabi/13.3.1/../../../../arm-none-eabi/lib/thumb/v7-m/nofp/libc_nano.a(libc_a-findfp.o)
                              /Applications/STM32CubeIDE.app/Contents/Eclipse/plugins/com.st.stm32cube.ide.mcu.externaltools.gnu-tools-for-stm32.13.3.rel1.macos64_1.0.0.202411102158/tools/bin/../lib/gcc/arm-none-eabi/13.3.1/../../../../arm-none-eabi/lib/thumb/v7-m/nofp/libc_nano.a(libc_a-exit.o) (__stdio_exit_handler)
/Applications/STM32CubeIDE.app/Contents/Eclipse/plugins/com.st.stm32cube.ide.mcu.externaltools.gnu-tools-for-stm32.13.3.rel1.macos64_1.0.0.202411102158/tools/bin/../lib/gcc/arm-none-eabi/13.3.1/../../../../arm-none-eabi/lib/thumb/v7-m/nofp/libc_nano.a(libc_a-fwalk.o)
                              /Applications/STM32CubeIDE.app/Contents/Eclipse/plugins/com.st.stm32cube.ide.mcu.externaltools.gnu-tools-for-stm32.13.3.rel1.macos64_1.0.0.202411102158/tools/bin/../lib/gcc/arm-none-eabi/13.3.1/../../../../arm-none-eabi/lib/thumb/v7-m/nofp/libc_nano.a(libc_a-findfp.o) (_fwalk_sglue)
/Applications/STM32CubeIDE.app/Contents/Eclipse/plugins/com.st.stm32cube.ide.mcu.externaltools.gnu-tools-for-stm32.13.3.rel1.macos64_1.0.0.202411102158/tools/bin/../lib/gcc/arm-none-eabi/13.3.1/../../../../arm-none-eabi/lib/thumb/v7-m/nofp/libc_nano.a(libc_a-memset.o)
                              /Applications/STM32CubeIDE.app/Contents/Eclipse/plugins/com.st.stm32cube.ide.mcu.externaltools.gnu-tools-for-stm32.13.3.rel1.macos64_1.0.0.202411102158/tools/bin/../lib/gcc/arm-none-eabi/13.3.1/../../../../arm-none-eabi/lib/thumb/v7-m/nofp/crt0.o (memset)
/Applications/STM32CubeIDE.app/Contents/Eclipse/plugins/com.st.stm32cube.ide.mcu.externaltools.gnu-tools-for-stm32.13.3.rel1.macos64_1.0.0.202411102158/tools/bin/../lib/gcc/arm-none-eabi/13.3.1/../../../../arm-none-eabi/lib/thumb/v7-m/nofp/libc_nano.a(libc_a-errno.o)
                              ./Core/Src/syscalls.o (__errno)
/Applications/STM32CubeIDE.app/Contents/Eclipse/plugins/com.st.stm32cube.ide.mcu.externaltools.gnu-tools-for-stm32.13.3.rel1.macos64_1.0.0.202411102158/tools/bin/../lib/gcc/arm-none-eabi/13.3.1/../../../../arm-none-eabi/lib/thumb/v7-m/nofp/libc_nano.a(libc_a-init.o)
                              /Applications/STM32CubeIDE.app/Contents/Eclipse/plugins/com.st.stm32cube.ide.mcu.externaltools.gnu-tools-for-stm32.13.3.rel1.macos64_1.0.0.202411102158/tools/bin/../lib/gcc/arm-none-eabi/13.3.1/../../../../arm-none-eabi/lib/thumb/v7-m/nofp/crt0.o (__libc_init_array)
/Applications/STM32CubeIDE.app/Contents/Eclipse/plugins/com.st.stm32cube.ide.mcu.externaltools.gnu-tools-for-stm32.13.3.rel1.macos64_1.0.0.202411102158/tools/bin/../lib/gcc/arm-none-eabi/13.3.1/../../../../arm-none-eabi/lib/thumb/v7-m/nofp/libc_nano.a(libc_a-lock.o)
                              /Applications/STM32CubeIDE.app/Contents/Eclipse/plugins/com.st.stm32cube.ide.mcu.externaltools.gnu-tools-for-stm32.13.3.rel1.macos64_1.0.0.202411102158/tools/bin/../lib/gcc/arm-none-eabi/13.3.1/../../../../arm-none-eabi/lib/thumb/v7-m/nofp/libc_nano.a(libc_a-findfp.o) (__retarget_lock_init_recursive)
/Applications/STM32CubeIDE.app/Contents/Eclipse/plugins/com.st.stm32cube.ide.mcu.externaltools.gnu-tools-for-stm32.13.3.rel1.macos64_1.0.0.202411102158/tools/bin/../lib/gcc/arm-none-eabi/13.3.1/../../../../arm-none-eabi/lib/thumb/v7-m/nofp/libc_nano.a(libc_a-impure.o)
                              /Applications/STM32CubeIDE.app/Contents/Eclipse/plugins/com.st.stm32cube.ide.mcu.externaltools.gnu-tools-for-stm32.13.3.rel1.macos64_1.0.0.202411102158/tools/bin/../lib/gcc/arm-none-eabi/13.3.1/../../../../arm-none-eabi/lib/thumb/v7-m/nofp/libc_nano.a(libc_a-errno.o) (_impure_ptr)
/Applications/STM32CubeIDE.app/Contents/Eclipse/plugins/com.st.stm32cube.ide.mcu.externaltools.gnu-tools-for-stm32.13.3.rel1.macos64_1.0.0.202411102158/tools/bin/../lib/gcc/arm-none-eabi/13.3.1/../../../../arm-none-eabi/lib/thumb/v7-m/nofp/libc_nano.a(libc_a-memcpy-stub.o)
                              ./Drivers/OLED/ssd1306.o (memcpy)
[...]
Memory Configuration

Name             Origin             Length             Attributes
RAM              0x20000000         0x00005000         xrw
FLASH            0x08000000         0x00020000         xr
*default*        0x00000000         0xffffffff

Linker script and memory map

LOAD /Applications/STM32CubeIDE.app/Contents/Eclipse/plugins/com.st.stm32cube.ide.mcu.externaltools.gnu-tools-for-stm32.13.3.rel1.macos64_1.0.0.202411102158/tools/bin/../lib/gcc/arm-none-eabi/13.3.1/thumb/v7-m/nofp/crti.o
LOAD /Applications/STM32CubeIDE.app/Contents/Eclipse/plugins/com.st.stm32cube.ide.mcu.externaltools.gnu-tools-for-stm32.13.3.rel1.macos64_1.0.0.202411102158/tools/bin/../lib/gcc/arm-none-eabi/13.3.1/thumb/v7-m/nofp/crtbegin.o
LOAD /Applications/STM32CubeIDE.app/Contents/Eclipse/plugins/com.st.stm32cube.ide.mcu.externaltools.gnu-tools-for-stm32.13.3.rel1.macos64_1.0.0.202411102158/tools/bin/../lib/gcc/arm-none-eabi/13.3.1/../../../../arm-none-eabi/lib/thumb/v7-m/nofp/crt0.o
LOAD ./Core/Src/main.o
LOAD ./Core/Src/stm32f1xx_hal_msp.o
LOAD ./Core/Src/stm32f1xx_it.o
LOAD ./Core/Src/syscalls.o
LOAD ./Core/Src/sysmem.o
LOAD ./Core/Src/system_stm32f1xx.o
LOAD ./Core/Startup/startup_stm32f103rbtx.o
LOAD ./Drivers/OLED/ssd1306.o
LOAD ./Drivers/OLED/ssd1306_fonts.o
LOAD ./Drivers/STM32F1xx_HAL_Driver/Src/stm32f1xx_hal.o
LOAD ./Drivers/STM32F1xx_HAL_Driver/Src/stm32f1xx_hal_cortex.o
LOAD ./Drivers/STM32F1xx_HAL_Driver/Src/stm32f1xx_hal_dma.o
LOAD ./Drivers/STM32F1xx_HAL_Driver/Src/stm32f1xx_hal_exti.o
LOAD ./Drivers/STM32F1xx_HAL_Driver/Src/stm32f1xx_hal_flash.o
LOAD ./Drivers/STM32F1xx_HAL_Driver/Src/stm32f1xx_hal_flash_ex.o
LOAD ./Drivers/STM32F1xx_HAL_Driver/Src/stm32f1xx_hal_gpio.o
LOAD ./Drivers/STM32F1xx_HAL_Driver/Src/stm32f1xx_hal_gpio_ex.o
LOAD ./Drivers/STM32F1xx_HAL_Driver/Src/stm32f1xx_hal_i2c.o
LOAD ./Drivers/STM32F1xx_HAL_Driver/Src/stm32f1xx_hal_pwr.o
LOAD ./Drivers/STM32F1xx_HAL_Driver/Src/stm32f1xx_hal_rcc.o
LOAD ./Drivers/STM32F1xx_HAL_Driver/Src/stm32f1xx_hal_rcc_ex.o
LOAD ./Drivers/STM32F1xx_HAL_Driver/Src/stm32f1xx_hal_uart.o
START GROUP
LOAD /Applications/STM32CubeIDE.app/Contents/Eclipse/plugins/com.st.stm32cube.ide.mcu.externaltools.gnu-tools-for-stm32.13.3.rel1.macos64_1.0.0.202411102158/tools/bin/../lib/gcc/arm-none-eabi/13.3.1/../../../../arm-none-eabi/lib/thumb/v7-m/nofp/libc_nano.a
LOAD /Applications/STM32CubeIDE.app/Contents/Eclipse/plugins/com.st.stm32cube.ide.mcu.externaltools.gnu-tools-for-stm32.13.3.rel1.macos64_1.0.0.202411102158/tools/bin/../lib/gcc/arm-none-eabi/13.3.1/../../../../arm-none-eabi/lib/thumb/v7-m/nofp/libm.a
END GROUP
START GROUP
LOAD /Applications/STM32CubeIDE.app/Contents/Eclipse/plugins/com.st.stm32cube.ide.mcu.externaltools.gnu-tools-for-stm32.13.3.rel1.macos64_1.0.0.202411102158/tools/bin/../lib/gcc/arm-none-eabi/13.3.1/thumb/v7-m/nofp/libgcc.a
LOAD /Applications/STM32CubeIDE.app/Contents/Eclipse/plugins/com.st.stm32cube.ide.mcu.externaltools.gnu-tools-for-stm32.13.3.rel1.macos64_1.0.0.202411102158/tools/bin/../lib/gcc/arm-none-eabi/13.3.1/../../../../arm-none-eabi/lib/thumb/v7-m/nofp/libc_nano.a
END GROUP
START GROUP
LOAD /Applications/STM32CubeIDE.app/Contents/Eclipse/plugins/com.st.stm32cube.ide.mcu.externaltools.gnu-tools-for-stm32.13.3.rel1.macos64_1.0.0.202411102158/tools/bin/../lib/gcc/arm-none-eabi/13.3.1/thumb/v7-m/nofp/libgcc.a
LOAD /Applications/STM32CubeIDE.app/Contents/Eclipse/plugins/com.st.stm32cube.ide.mcu.externaltools.gnu-tools-for-stm32.13.3.rel1.macos64_1.0.0.202411102158/tools/bin/../lib/gcc/arm-none-eabi/13.3.1/../../../../arm-none-eabi/lib/thumb/v7-m/nofp/libc_nano.a
LOAD /Applications/STM32CubeIDE.app/Contents/Eclipse/plugins/com.st.stm32cube.ide.mcu.externaltools.gnu-tools-for-stm32.13.3.rel1.macos64_1.0.0.202411102158/tools/bin/../lib/gcc/arm-none-eabi/13.3.1/../../../../arm-none-eabi/lib/thumb/v7-m/nofp/libnosys.a
END GROUP
START GROUP
LOAD /Applications/STM32CubeIDE.app/Contents/Eclipse/plugins/com.st.stm32cube.ide.mcu.externaltools.gnu-tools-for-stm32.13.3.rel1.macos64_1.0.0.202411102158/tools/bin/../lib/gcc/arm-none-eabi/13.3.1/thumb/v7-m/nofp/libgcc.a
LOAD /Applications/STM32CubeIDE.app/Contents/Eclipse/plugins/com.st.stm32cube.ide.mcu.externaltools.gnu-tools-for-stm32.13.3.rel1.macos64_1.0.0.202411102158/tools/bin/../lib/gcc/arm-none-eabi/13.3.1/../../../../arm-none-eabi/lib/thumb/v7-m/nofp/libc_nano.a
LOAD /Applications/STM32CubeIDE.app/Contents/Eclipse/plugins/com.st.stm32cube.ide.mcu.externaltools.gnu-tools-for-stm32.13.3.rel1.macos64_1.0.0.202411102158/tools/bin/../lib/gcc/arm-none-eabi/13.3.1/../../../../arm-none-eabi/lib/thumb/v7-m/nofp/libnosys.a
END GROUP
LOAD /Applications/STM32CubeIDE.app/Contents/Eclipse/plugins/com.st.stm32cube.ide.mcu.externaltools.gnu-tools-for-stm32.13.3.rel1.macos64_1.0.0.202411102158/tools/bin/../lib/gcc/arm-none-eabi/13.3.1/thumb/v7-m/nofp/crtend.o
LOAD /Applications/STM32CubeIDE.app/Contents/Eclipse/plugins/com.st.stm32cube.ide.mcu.externaltools.gnu-tools-for-stm32.13.3.rel1.macos64_1.0.0.202411102158/tools/bin/../lib/gcc/arm-none-eabi/13.3.1/thumb/v7-m/nofp/crtn.o
                0x20005000                        _estack = (ORIGIN (RAM) + LENGTH (RAM))
                0x00000200                        _Min_Heap_Size = 0x200
                0x00000400                        _Min_Stack_Size = 0x400

.isr_vector     0x08000000      0x10c
                0x08000000                        . = ALIGN (0x4)
 *(.isr_vector)
 .isr_vector    0x08000000      0x10c ./Core/Startup/startup_stm32f103rbtx.o
                0x08000000                g_pfnVectors
                0x0800010c                        . = ALIGN (0x4)

.text           0x0800010c     0x2a2c
                0x0800010c                        . = ALIGN (0x4)
 *(.text)
 .text          0x0800010c       0x40 /Applications/STM32CubeIDE.app/Contents/Eclipse/plugins/com.st.stm32cube.ide.mcu.externaltools.gnu-tools-for-stm32.13.3.rel1.macos64_1.0.0.202411102158/tools/bin/../lib/gcc/arm-none-eabi/13.3.1/thumb/v7-m/nofp/crtbegin.o
 *(.text*)
 .text.main     0x0800014c      0x100 ./Core/Src/main.o
                0x0800014c                main
 .text.SystemClock_Config
                0x0800024c       0x76 ./Core/Src/main.o
                0x0800024c                SystemClock_Config
 *fill*         0x080002c2        0x2 
 .text.MX_I2C1_Init
                0x080002c4       0x5c ./Core/Src/main.o
 .text.MX_USART1_UART_Init
                0x08000320       0x54 ./Core/Src/main.o
 .text.MX_DMA_Init
                0x08000374       0x4c ./Core/Src/main.o
 .text.MX_GPIO_Init
                0x080003c0       0x7c ./Core/Src/main.o
 .text.Error_Handler
                0x0800043c        0xc ./Core/Src/main.o
                0x0800043c                Error_Handler
 .text.HAL_MspInit
                0x08000448       0x64 ./Core/Src/stm32f1xx_hal_msp.o
                0x08000448                HAL_MspInit
 .text.HAL_I2C_MspInit
                0x080004ac       0xa0 ./Core/Src/stm32f1xx_hal_msp.o
                0x080004ac                HAL_I2C_MspInit
 .text.HAL_UART_MspInit
                0x0800054c      0x140 ./Core/Src/stm32f1xx_hal_msp.o
                0x0800054c                HAL_UART_MspInit
 .text.NMI_Handler
                0x0800068c        0x8 ./Core/Src/stm32f1xx_it.o
                0x0800068c                NMI_Handler
 .text.HardFault_Handler
                0x08000694        0x8 ./Core/Src/stm32f1xx_it.o
                0x08000694                HardFault_Handler
 .text.MemManage_Handler
                0x0800069c        0x8 ./Core/Src/stm32f1xx_it.o
                0x0800069c                MemManage_Handler
 .text.BusFault_Handler
                0x080006a4        0x8 ./Core/Src/stm32f1xx_it.o
                0x080006a4                BusFault_Handler
 .text.UsageFault_Handler
                0x080006ac        0x8 ./Core/Src/stm32f1xx_it.o
                0x080006ac                UsageFault_Handler
 .text.SVC_Handler
                0x080006b4        0xc ./Core/Src/stm32f1xx_it.o
                0x080006b4                SVC_Handler
 .text.DebugMon_Handler
                0x080006c0        0xc ./Core/Src/stm32f1xx_it.o
                0x080006c0                DebugMon_Handler
 .text.PendSV_Handler
                0x080006cc        0xc ./Core/Src/stm32f1xx_it.o
                0x080006cc                PendSV_Handler
 .text.SysTick_Handler
                0x080006d8        0xc ./Core/Src/stm32f1xx_it.o
                0x080006d8                SysTick_Handler
 .text.DMA1_Channel4_IRQHandler
                0x080006e4       0x14 ./Core/Src/stm32f1xx_it.o
                0x080006e4                DMA1_Channel4_IRQHandler
 .text.DMA1_Channel5_IRQHandler
                0x080006f8       0x14 ./Core/Src/stm32f1xx_it.o
                0x080006f8                DMA1_Channel5_IRQHandler
 .text.SystemInit
                0x0800070c        0xc ./Core/Src/system_stm32f1xx.o
                0x0800070c                SystemInit
 .text.Reset_Handler
                0x08000718       0x48 ./Core/Startup/startup_stm32f103rbtx.o
                0x08000718                Reset_Handler
 .text.Default_Handler
                0x08000760        0x2 ./Core/Startup/startup_stm32f103rbtx.o
                0x08000760                USBWakeUp_IRQHandler
                0x08000760                EXTI2_IRQHandler
                0x08000760                TIM1_CC_IRQHandler
                0x08000760                PVD_IRQHandler
                0x08000760                EXTI3_IRQHandler
                0x08000760                EXTI0_IRQHandler
                0x08000760                I2C2_EV_IRQHandler
                0x08000760                ADC1_2_IRQHandler
                0x08000760                SPI1_IRQHandler
                0x08000760                TAMPER_IRQHandler
                0x08000760                USART3_IRQHandler
                0x08000760                RTC_IRQHandler
                0x08000760                DMA1_Channel7_IRQHandler
                0x08000760                CAN1_RX1_IRQHandler
                0x08000760                TIM4_IRQHandler
                0x08000760                I2C1_EV_IRQHandler
                0x08000760                DMA1_Channel6_IRQHandler
                0x08000760                TIM3_IRQHandler
                0x08000760                RCC_IRQHandler
                0x08000760                TIM1_TRG_COM_IRQHandler
                0x08000760                DMA1_Channel1_IRQHandler
                0x08000760                Default_Handler
                0x08000760                EXTI15_10_IRQHandler
                0x08000760                EXTI9_5_IRQHandler
                0x08000760                SPI2_IRQHandler
                0x08000760                EXTI4_IRQHandler
                0x08000760                USB_LP_CAN1_RX0_IRQHandler
                0x08000760                USB_HP_CAN1_TX_IRQHandler
                0x08000760                DMA1_Channel3_IRQHandler
                0x08000760                TIM1_UP_IRQHandler
                0x08000760                WWDG_IRQHandler
                0x08000760                TIM2_IRQHandler
                0x08000760                TIM1_BRK_IRQHandler
                0x08000760                EXTI1_IRQHandler
                0x08000760                USART2_IRQHandler
                0x08000760                I2C2_ER_IRQHandler
                0x08000760                DMA1_Channel2_IRQHandler
                0x08000760                CAN1_SCE_IRQHandler
                0x08000760                FLASH_IRQHandler
                0x08000760                USART1_IRQHandler
                0x08000760                I2C1_ER_IRQHandler
                0x08000760                RTC_Alarm_IRQHandler
 .text.ssd1306_Reset
                0x08000762        0xc ./Drivers/OLED/ssd1306.o
                0x08000762                ssd1306_Reset
 *fill*         0x0800076e        0x2 
 .text.ssd1306_WriteCommand
                0x08000770       0x30 ./Drivers/OLED/ssd1306.o
                0x08000770                ssd1306_WriteCommand
 .text.ssd1306_WriteData
                0x080007a0       0x34 ./Drivers/OLED/ssd1306.o
                0x080007a0                ssd1306_WriteData
 .text.ssd1306_Init
                0x080007d4       0xd4 ./Drivers/OLED/ssd1306.o
                0x080007d4                ssd1306_Init
 .text.ssd1306_Fill
                0x080008a8       0x30 ./Drivers/OLED/ssd1306.o
                0x080008a8                ssd1306_Fill
 .text.ssd1306_UpdateScreen
                0x080008d8       0x50 ./Drivers/OLED/ssd1306.o
                0x080008d8                ssd1306_UpdateScreen
 .text.ssd1306_DrawPixel
                0x08000928       0xa4 ./Drivers/OLED/ssd1306.o
                0x08000928                ssd1306_DrawPixel
 .text.ssd1306_WriteChar
                0x080009cc      0x124 ./Drivers/OLED/ssd1306.o
                0x080009cc                ssd1306_WriteChar
 .text.ssd1306_WriteString
                0x08000af0       0x4c ./Drivers/OLED/ssd1306.o
                0x08000af0                ssd1306_WriteString
 .text.ssd1306_SetCursor
                0x08000b3c       0x30 ./Drivers/OLED/ssd1306.o
                0x08000b3c                ssd1306_SetCursor
 .text.ssd1306_SetContrast
                0x08000b6c       0x26 ./Drivers/OLED/ssd1306.o
                0x08000b6c                ssd1306_SetContrast
 *fill*         0x08000b92        0x2 
 .text.ssd1306_SetDisplayOn
                0x08000b94       0x3c ./Drivers/OLED/ssd1306.o
                0x08000b94                ssd1306_SetDisplayOn
 .text.HAL_Init
                0x08000bd0       0x2c ./Drivers/STM32F1xx_HAL_Driver/Src/stm32f1xx_hal.o
                0x08000bd0                HAL_Init
 .text.HAL_InitTick
                0x08000bfc       0x60 ./Drivers/STM32F1xx_HAL_Driver/Src/stm32f1xx_hal.o
                0x08000bfc                HAL_InitTick
 .text.HAL_IncTick
                0x08000c5c       0x24 ./Drivers/STM32F1xx_HAL_Driver/Src/stm32f1xx_hal.o
                0x08000c5c                HAL_IncTick
 .text.HAL_GetTick
                0x08000c80       0x14 ./Drivers/STM32F1xx_HAL_Driver/Src/stm32f1xx_hal.o
                0x08000c80                HAL_GetTick
 .text.HAL_Delay
                0x08000c94       0x48 ./Drivers/STM32F1xx_HAL_Driver/Src/stm32f1xx_hal.o
                0x08000c94                HAL_Delay
 .text.__NVIC_SetPriorityGrouping
                0x08000cdc       0x48 ./Drivers/STM32F1xx_HAL_Driver/Src/stm32f1xx_hal_cortex.o
 .text.__NVIC_GetPriorityGrouping
                0x08000d24       0x1c ./Drivers/STM32F1xx_HAL_Driver/Src/stm32f1xx_hal_cortex.o
 .text.__NVIC_EnableIRQ
                0x08000d40       0x38 ./Drivers/STM32F1xx_HAL_Driver/Src/stm32f1xx_hal_cortex.o
 .text.__NVIC_SetPriority
                0x08000d78       0x54 ./Drivers/STM32F1xx_HAL_Driver/Src/stm32f1xx_hal_cortex.o
 .text.NVIC_EncodePriority
                0x08000dcc       0x64 ./Drivers/STM32F1xx_HAL_Driver/Src/stm32f1xx_hal_cortex.o
 .text.SysTick_Config
                0x08000e30       0x44 ./Drivers/STM32F1xx_HAL_Driver/Src/stm32f1xx_hal_cortex.o
 .text.HAL_NVIC_SetPriorityGrouping
                0x08000e74       0x16 ./Drivers/STM32F1xx_HAL_Driver/Src/stm32f1xx_hal_cortex.o
                0x08000e74                HAL_NVIC_SetPriorityGrouping
 .text.HAL_NVIC_SetPriority
                0x08000e8a       0x38 ./Drivers/STM32F1xx_HAL_Driver/Src/stm32f1xx_hal_cortex.o
                0x08000e8a                HAL_NVIC_SetPriority
 .text.HAL_NVIC_EnableIRQ
                0x08000ec2       0x1c ./Drivers/STM32F1xx_HAL_Driver/Src/stm32f1xx_hal_cortex.o
                0x08000ec2                HAL_NVIC_EnableIRQ
 .text.HAL_SYSTICK_Config
                0x08000ede       0x18 ./Drivers/STM32F1xx_HAL_Driver/Src/stm32f1xx_hal_cortex.o
                0x08000ede                HAL_SYSTICK_Config
 *fill*         0x08000ef6        0x2 
 .text.HAL_DMA_Init
                0x08000ef8       0xb4 ./Drivers/STM32F1xx_HAL_Driver/Src/stm32f1xx_hal_dma.o
                0x08000ef8                HAL_DMA_Init
 .text.HAL_DMA_IRQHandler
                0x08000fac      0x20c ./Drivers/STM32F1xx_HAL_Driver/Src/stm32f1xx_hal_dma.o
                0x08000fac                HAL_DMA_IRQHandler
 .text.HAL_GPIO_Init
                0x080011b8      0x308 ./Drivers/STM32F1xx_HAL_Driver/Src/stm32f1xx_hal_gpio.o
                0x080011b8                HAL_GPIO_Init
 .text.HAL_GPIO_WritePin
                0x080014c0       0x30 ./Drivers/STM32F1xx_HAL_Driver/Src/stm32f1xx_hal_gpio.o
                0x080014c0                HAL_GPIO_WritePin
 .text.HAL_I2C_Init
                0x080014f0      0x288 ./Drivers/STM32F1xx_HAL_Driver/Src/stm32f1xx_hal_i2c.o
                0x080014f0                HAL_I2C_Init
 .text.HAL_I2C_Mem_Write
                0x08001778      0x1f4 ./Drivers/STM32F1xx_HAL_Driver/Src/stm32f1xx_hal_i2c.o
                0x08001778                HAL_I2C_Mem_Write
 .text.I2C_RequestMemoryWrite
                0x0800196c      0x12c ./Drivers/STM32F1xx_HAL_Driver/Src/stm32f1xx_hal_i2c.o
 .text.I2C_WaitOnFlagUntilTimeout
                0x08001a98       0xf4 ./Drivers/STM32F1xx_HAL_Driver/Src/stm32f1xx_hal_i2c.o
 .text.I2C_WaitOnMasterAddressFlagUntilTimeout
                0x08001b8c      0x140 ./Drivers/STM32F1xx_HAL_Driver/Src/stm32f1xx_hal_i2c.o
 .text.I2C_WaitOnTXEFlagUntilTimeout
                0x08001ccc       0x90 ./Drivers/STM32F1xx_HAL_Driver/Src/stm32f1xx_hal_i2c.o
 .text.I2C_WaitOnBTFFlagUntilTimeout
                0x08001d5c       0x90 ./Drivers/STM32F1xx_HAL_Driver/Src/stm32f1xx_hal_i2c.o
 .text.I2C_IsAcknowledgeFailed
                0x08001dec       0x5c ./Drivers/STM32F1xx_HAL_Driver/Src/stm32f1xx_hal_i2c.o
 .text.HAL_RCC_OscConfig
                0x08001e48      0x504 ./Drivers/STM32F1xx_HAL_Driver/Src/stm32f1xx_hal_rcc.o
                0x08001e48                HAL_RCC_OscConfig
 .text.HAL_RCC_ClockConfig
                0x0800234c      0x1d4 ./Drivers/STM32F1xx_HAL_Driver/Src/stm32f1xx_hal_rcc.o
                0x0800234c                HAL_RCC_ClockConfig
 .text.HAL_RCC_GetSysClockFreq
                0x08002520       0xa8 ./Drivers/STM32F1xx_HAL_Driver/Src/stm32f1xx_hal_rcc.o
                0x08002520                HAL_RCC_GetSysClockFreq
 .text.HAL_RCC_GetHCLKFreq
                0x080025c8       0x14 ./Drivers/STM32F1xx_HAL_Driver/Src/stm32f1xx_hal_rcc.o
                0x080025c8                HAL_RCC_GetHCLKFreq
 .text.HAL_RCC_GetPCLK1Freq
                0x080025dc       0x28 ./Drivers/STM32F1xx_HAL_Driver/Src/stm32f1xx_hal_rcc.o
                0x080025dc                HAL_RCC_GetPCLK1Freq
 .text.HAL_RCC_GetPCLK2Freq
                0x08002604       0x28 ./Drivers/STM32F1xx_HAL_Driver/Src/stm32f1xx_hal_rcc.o
                0x08002604                HAL_RCC_GetPCLK2Freq
 .text.RCC_Delay
                0x0800262c       0x3c ./Drivers/STM32F1xx_HAL_Driver/Src/stm32f1xx_hal_rcc.o
 .text.HAL_UART_Init
                0x08002668       0xa0 ./Drivers/STM32F1xx_HAL_Driver/Src/stm32f1xx_hal_uart.o
                0x08002668                HAL_UART_Init
 .text.HAL_UART_Receive
                0x08002708      0x12e ./Drivers/STM32F1xx_HAL_Driver/Src/stm32f1xx_hal_uart.o
                0x08002708                HAL_UART_Receive
 .text.UART_WaitOnFlagUntilTimeout
                0x08002836       0xb2 ./Drivers/STM32F1xx_HAL_Driver/Src/stm32f1xx_hal_uart.o
 .text.UART_EndRxTransfer
                0x080028e8       0xc4 ./Drivers/STM32F1xx_HAL_Driver/Src/stm32f1xx_hal_uart.o
 .text.UART_SetConfig
                0x080029ac      0x11c ./Drivers/STM32F1xx_HAL_Driver/Src/stm32f1xx_hal_uart.o
 .text.memset   0x08002ac8       0x10 /Applications/STM32CubeIDE.app/Contents/Eclipse/plugins/com.st.stm32cube.ide.mcu.externaltools.gnu-tools-for-stm32.13.3.rel1.macos64_1.0.0.202411102158/tools/bin/../lib/gcc/arm-none-eabi/13.3.1/../../../../arm-none-eabi/lib/thumb/v7-m/nofp/libc_nano.a(libc_a-memset.o)
                0x08002ac8                memset
 .text.__libc_init_array
                0x08002ad8       0x48 /Applications/STM32CubeIDE.app/Contents/Eclipse/plugins/com.st.stm32cube.ide.mcu.externaltools.gnu-tools-for-stm32.13.3.rel1.macos64_1.0.0.202411102158/tools/bin/../lib/gcc/arm-none-eabi/13.3.1/../../../../arm-none-eabi/lib/thumb/v7-m/nofp/libc_nano.a(libc_a-init.o)
                0x08002ad8                __libc_init_array
 *(.glue_7)
 .glue_7        0x08002b20        0x0 linker stubs
 *(.glue_7t)
 .glue_7t       0x08002b20        0x0 linker stubs
 *(.eh_frame)
 .eh_frame      0x08002b20        0x0 /Applications/STM32CubeIDE.app/Contents/Eclipse/plugins/com.st.stm32cube.ide.mcu.externaltools.gnu-tools-for-stm32.13.3.rel1.macos64_1.0.0.202411102158/tools/bin/../lib/gcc/arm-none-eabi/13.3.1/thumb/v7-m/nofp/crtbegin.o
 *(.init)
 .init          0x08002b20        0x4 /Applications/STM32CubeIDE.app/Contents/Eclipse/plugins/com.st.stm32cube.ide.mcu.externaltools.gnu-tools-for-stm32.13.3.rel1.macos64_1.0.0.202411102158/tools/bin/../lib/gcc/arm-none-eabi/13.3.1/thumb/v7-m/nofp/crti.o
                0x08002b20                _init
 .init          0x08002b24        0x8 /Applications/STM32CubeIDE.app/Contents/Eclipse/plugins/com.st.stm32cube.ide.mcu.externaltools.gnu-tools-for-stm32.13.3.rel1.macos64_1.0.0.202411102158/tools/bin/../lib/gcc/arm-none-eabi/13.3.1/thumb/v7-m/nofp/crtn.o
 *(.fini)
 .fini          0x08002b2c        0x4 /Applications/STM32CubeIDE.app/Contents/Eclipse/plugins/com.st.stm32cube.ide.mcu.externaltools.gnu-tools-for-stm32.13.3.rel1.macos64_1.0.0.202411102158/tools/bin/../lib/gcc/arm-none-eabi/13.3.1/thumb/v7-m/nofp/crti.o
                0x08002b2c                _fini
 .fini          0x08002b30        0x8 /Applications/STM32CubeIDE.app/Contents/Eclipse/plugins/com.st.stm32cube.ide.mcu.externaltools.gnu-tools-for-stm32.13.3.rel1.macos64_1.0.0.202411102158/tools/bin/../lib/gcc/arm-none-eabi/13.3.1/thumb/v7-m/nofp/crtn.o
                0x08002b38                        . = ALIGN (0x4)
                0x08002b38                        _etext = .

.vfp11_veneer   0x08002b38        0x0
 .vfp11_veneer  0x08002b38        0x0 linker stubs

.v4_bx          0x08002b38        0x0
 .v4_bx         0x08002b38        0x0 linker stubs

.iplt           0x08002b38        0x0
 .iplt          0x08002b38        0x0 /Applications/STM32CubeIDE.app/Contents/Eclipse/plugins/com.st.stm32cube.ide.mcu.externaltools.gnu-tools-for-stm32.13.3.rel1.macos64_1.0.0.202411102158/tools/bin/../lib/gcc/arm-none-eabi/13.3.1/thumb/v7-m/nofp/crtbegin.o

.rodata         0x08002b38     0x1538
                0x08002b38                        . = ALIGN (0x4)
 *(.rodata)
 .rodata        0x08002b38       0x2a ./Core/Src/main.o
 *(.rodata*)
 *fill*         0x08002b62        0x2 
 .rodata.AHBPrescTable
                0x08002b64       0x10 ./Core/Src/system_stm32f1xx.o
                0x08002b64                AHBPrescTable
 .rodata.APBPrescTable
                0x08002b74        0x8 ./Core/Src/system_stm32f1xx.o
                0x08002b74                APBPrescTable
 .rodata.Font7x10
                0x08002b7c      0x76c ./Drivers/OLED/ssd1306_fonts.o
 .rodata.Font11x18
                0x080032e8      0xd5c ./Drivers/OLED/ssd1306_fonts.o
 .rodata.Font_7x10
                0x08004044        0xc ./Drivers/OLED/ssd1306_fonts.o
                0x08004044                Font_7x10
 .rodata.Font_11x18
                0x08004050        0xc ./Drivers/OLED/ssd1306_fonts.o
                0x08004050                Font_11x18
 .rodata.aPLLMULFactorTable.1
                0x0800405c       0x10 ./Drivers/STM32F1xx_HAL_Driver/Src/stm32f1xx_hal_rcc.o
 .rodata.aPredivFactorTable.0
                0x0800406c        0x2 ./Drivers/STM32F1xx_HAL_Driver/Src/stm32f1xx_hal_rcc.o
                0x08004070                        . = ALIGN (0x4)
 *fill*         0x0800406e        0x2 

.ARM.extab      0x08004070        0x0
                0x08004070                        . = ALIGN (0x4)
 *(.ARM.extab* .gnu.linkonce.armextab.*)
                0x08004070                        . = ALIGN (0x4)

.ARM            0x08004070        0x0
                0x08004070                        . = ALIGN (0x4)
                0x08004070                        __exidx_start = .
 *(.ARM.exidx*)
                0x08004070                        __exidx_end = .
                0x08004070                        . = ALIGN (0x4)

.preinit_array  0x08004070        0x0
                0x08004070                        . = ALIGN (0x4)
                0x08004070                        PROVIDE (__preinit_array_start = .)
 *(.preinit_array*)
                0x08004070                        PROVIDE (__preinit_array_end = .)
                0x08004070                        . = ALIGN (0x4)

.init_array     0x08004070        0x4
                0x08004070                        . = ALIGN (0x4)
                0x08004070                        PROVIDE (__init_array_start = .)
 *(SORT_BY_NAME(.init_array.*))
 *(.init_array*)
 .init_array    0x08004070        0x4 /Applications/STM32CubeIDE.app/Contents/Eclipse/plugins/com.st.stm32cube.ide.mcu.externaltools.gnu-tools-for-stm32.13.3.rel1.macos64_1.0.0.202411102158/tools/bin/../lib/gcc/arm-none-eabi/13.3.1/thumb/v7-m/nofp/crtbegin.o
                0x08004074                        PROVIDE (__init_array_end = .)
                0x08004074                        . = ALIGN (0x4)

.fini_array     0x08004074        0x4
                0x08004074                        . = ALIGN (0x4)
                [!provide]                        PROVIDE (__fini_array_start = .)
 *(SORT_BY_NAME(.fini_array.*))
 *(.fini_array*)
 .fini_array    0x08004074        0x4 /Applications/STM32CubeIDE.app/Contents/Eclipse/plugins/com.st.stm32cube.ide.mcu.externaltools.gnu-tools-for-stm32.13.3.rel1.macos64_1.0.0.202411102158/tools/bin/../lib/gcc/arm-none-eabi/13.3.1/thumb/v7-m/nofp/crtbegin.o
                [!provide]                        PROVIDE (__fini_array_end = .)
                0x08004078                        . = ALIGN (0x4)
                0x08004078                        _sidata = LOADADDR (.data)

.rel.dyn        0x08004078        0x0
 .rel.iplt      0x08004078        0x0 /Applications/STM32CubeIDE.app/Contents/Eclipse/plugins/com.st.stm32cube.ide.mcu.externaltools.gnu-tools-for-stm32.13.3.rel1.macos64_1.0.0.202411102158/tools/bin/../lib/gcc/arm-none-eabi/13.3.1/thumb/v7-m/nofp/crtbegin.o

.data           0x20000000        0xc load address 0x08004078
                0x20000000                        . = ALIGN (0x4)
                0x20000000                        _sdata = .
 *(.data)
 *(.data*)
 .data.SystemCoreClock
                0x20000000        0x4 ./Core/Src/system_stm32f1xx.o
                0x20000000                SystemCoreClock
 .data.uwTickPrio
                0x20000004        0x4 ./Drivers/STM32F1xx_HAL_Driver/Src/stm32f1xx_hal.o
                0x20000004                uwTickPrio
 .data.uwTickFreq
                0x20000008        0x1 ./Drivers/STM32F1xx_HAL_Driver/Src/stm32f1xx_hal.o
                0x20000008                uwTickFreq
 *(.RamFunc)
 *(.RamFunc*)
                0x2000000c                        . = ALIGN (0x4)
 *fill*         0x20000009        0x3 
                0x2000000c                        _edata = .

.igot.plt       0x2000000c        0x0 load address 0x08004084
 .igot.plt      0x2000000c        0x0 /Applications/STM32CubeIDE.app/Contents/Eclipse/plugins/com.st.stm32cube.ide.mcu.externaltools.gnu-tools-for-stm32.13.3.rel1.macos64_1.0.0.202411102158/tools/bin/../lib/gcc/arm-none-eabi/13.3.1/thumb/v7-m/nofp/crtbegin.o
                0x2000000c                        . = ALIGN (0x4)

.bss            0x2000000c      0x350 load address 0x08004084
                0x2000000c                        _sbss = .
                0x2000000c                        __bss_start__ = _sbss
 *(.bss)
 .bss           0x2000000c       0x1c /Applications/STM32CubeIDE.app/Contents/Eclipse/plugins/com.st.stm32cube.ide.mcu.externaltools.gnu-tools-for-stm32.13.3.rel1.macos64_1.0.0.202411102158/tools/bin/../lib/gcc/arm-none-eabi/13.3.1/thumb/v7-m/nofp/crtbegin.o
 *(.bss*)
 .bss.hi2c1     0x20000028       0x54 ./Core/Src/main.o
                0x20000028                hi2c1
 .bss.huart1    0x2000007c       0x48 ./Core/Src/main.o
                0x2000007c                huart1
 .bss.hdma_usart1_rx
                0x200000c4       0x44 ./Core/Src/main.o
                0x200000c4                hdma_usart1_rx
 .bss.hdma_usart1_tx
                0x20000108       0x44 ./Core/Src/main.o
                0x20000108                hdma_usart1_tx
 .bss.rx_data   0x2000014c        0x1 ./Core/Src/main.o
                0x2000014c                rx_data
 *fill*         0x2000014d        0x3 
 .bss.SSD1306_Buffer
                0x20000150      0x200 ./Drivers/OLED/ssd1306.o
 .bss.SSD1306   0x20000350        0x6 ./Drivers/OLED/ssd1306.o
 *fill*         0x20000356        0x2 
 .bss.uwTick    0x20000358        0x4 ./Drivers/STM32F1xx_HAL_Driver/Src/stm32f1xx_hal.o
                0x20000358                uwTick
 *(COMMON)
                0x2000035c                        . = ALIGN (0x4)
                0x2000035c                        _ebss = .
                0x2000035c                        __bss_end__ = _ebss

._user_heap_stack
                0x2000035c      0x604 load address 0x08004084
                0x20000360                        . = ALIGN (0x8)
 *fill*         0x2000035c        0x4 
                [!provide]                        PROVIDE (end = .)
                0x20000360                        PROVIDE (_end = .)
                0x20000560                        . = (. + _Min_Heap_Size)
 *fill*         0x20000360      0x200 
                0x20000960                        . = (. + _Min_Stack_Size)
 *fill*         0x20000560      0x400 
                0x20000960                        . = ALIGN (0x8)

/DISCARD/
 libc.a(*)
 libm.a(*)
 libgcc.a(*)

.ARM.attributes
                0x00000000       0x29
 *(.ARM.attributes)
 .ARM.attributes
                0x00000000       0x1d /Applications/STM32CubeIDE.app/Contents/Eclipse/plugins/com.st.stm32cube.ide.mcu.externaltools.gnu-tools-for-stm32.13.3.rel1.macos64_1.0.0.202411102158/tools/bin/../lib/gcc/arm-none-eabi/13.3.1/thumb/v7-m/nofp/crti.o
 .ARM.attributes
                0x0000001d       0x2d /Applications/STM32CubeIDE.app/Contents/Eclipse/plugins/com.st.stm32cube.ide.mcu.externaltools.gnu-tools-for-stm32.13.3.rel1.macos64_1.0.0.202411102158/tools/bin/../lib/gcc/arm-none-eabi/13.3.1/thumb/v7-m/nofp/crtbegin.o
 .ARM.attributes
                0x0000004a       0x2d ./Core/Src/main.o
 .ARM.attributes
                0x00000077       0x2d ./Core/Src/stm32f1xx_hal_msp.o
 .ARM.attributes
                0x000000a4       0x2d ./Core/Src/stm32f1xx_it.o
 .ARM.attributes
                0x000000d1       0x2d ./Core/Src/system_stm32f1xx.o
 .ARM.attributes
                0x000000fe       0x21 ./Core/Startup/startup_stm32f103rbtx.o
 .ARM.attributes
                0x0000011f       0x2d ./Drivers/OLED/ssd1306.o
 .ARM.attributes
                0x0000014c       0x2d ./Drivers/OLED/ssd1306_fonts.o
 .ARM.attributes
                0x00000179       0x2d ./Drivers/STM32F1xx_HAL_Driver/Src/stm32f1xx_hal.o
 .ARM.attributes
                0x000001a6       0x2d ./Drivers/STM32F1xx_HAL_Driver/Src/stm32f1xx_hal_cortex.o
 .ARM.attributes
                0x000001d3       0x2d ./Drivers/STM32F1xx_HAL_Driver/Src/stm32f1xx_hal_dma.o
 .ARM.attributes
                0x00000200       0x2d ./Drivers/STM32F1xx_HAL_Driver/Src/stm32f1xx_hal_gpio.o
 .ARM.attributes
                0x0000022d       0x2d ./Drivers/STM32F1xx_HAL_Driver/Src/stm32f1xx_hal_i2c.o
 .ARM.attributes
                0x0000025a       0x2d ./Drivers/STM32F1xx_HAL_Driver/Src/stm32f1xx_hal_rcc.o
 .ARM.attributes
                0x00000287       0x2d ./Drivers/STM32F1xx_HAL_Driver/Src/stm32f1xx_hal_uart.o
 .ARM.attributes
                0x000002b4       0x2d /Applications/STM32CubeIDE.app/Contents/Eclipse/plugins/com.st.stm32cube.ide.mcu.externaltools.gnu-tools-for-stm32.13.3.rel1.macos64_1.0.0.202411102158/tools/bin/../lib/gcc/arm-none-eabi/13.3.1/../../../../arm-none-eabi/lib/thumb/v7-m/nofp/libc_nano.a(libc_a-memset.o)
 .ARM.attributes
                0x000002e1       0x2d /Applications/STM32CubeIDE.app/Contents/Eclipse/plugins/com.st.stm32cube.ide.mcu.externaltools.gnu-tools-for-stm32.13.3.rel1.macos64_1.0.0.202411102158/tools/bin/../lib/gcc/arm-none-eabi/13.3.1/../../../../arm-none-eabi/lib/thumb/v7-m/nofp/libc_nano.a(libc_a-init.o)
 .ARM.attributes
                0x0000030e       0x1d /Applications/STM32CubeIDE.app/Contents/Eclipse/plugins/com.st.stm32cube.ide.mcu.externaltools.gnu-tools-for-stm32.13.3.rel1.macos64_1.0.0.202411102158/tools/bin/../lib/gcc/arm-none-eabi/13.3.1/thumb/v7-m/nofp/crtn.o
OUTPUT(Relay_Control.elf elf32-littlearm)
LOAD linker stubs
LOAD /Applications/STM32CubeIDE.app/Contents/Eclipse/plugins/com.st.stm32cube.ide.mcu.externaltools.gnu-tools-for-stm32.13.3.rel1.macos64_1.0.0.202411102158/tools/bin/../lib/gcc/arm-none-eabi/13.3.1/../../../../arm-none-eabi/lib/thumb/v7-m/nofp/libc.a
LOAD /Applications/STM32CubeIDE.app/Contents/Eclipse/plugins/com.st.stm32cube.ide.mcu.externaltools.gnu-tools-for-stm32.13.3.rel1.macos64_1.0.0.202411102158/tools/bin/../lib/gcc/arm-none-eabi/13.3.1/../../../../arm-none-eabi/lib/thumb/v7-m/nofp/libm.a
LOAD /Applications/STM32CubeIDE.app/Contents/Eclipse/plugins/com.st.stm32cube.ide.mcu.externaltools.gnu-tools-for-stm32.13.3.rel1.macos64_1.0.0.202411102158/tools/bin/../lib/gcc/arm-none-eabi/13.3.1/thumb/v7-m/nofp/libgcc.a

.debug_info     0x00000000     0xafc0
 .debug_info    0x00000000      0xf8c ./Core/Src/main.o
 .debug_info    0x00000f8c      0xba1 ./Core/Src/stm32f1xx_hal_msp.o
 .debug_info    0x00001b2d      0x376 ./Core/Src/stm32f1xx_it.o
 .debug_info    0x00001ea3      0x222 ./Core/Src/system_stm32f1xx.o
 .debug_info    0x000020c5       0x30 ./Core/Startup/startup_stm32f103rbtx.o
 .debug_info    0x000020f5     0x1239 ./Drivers/OLED/ssd1306.o
 .debug_info    0x0000332e      0x2a4 ./Drivers/OLED/ssd1306_fonts.o
 .debug_info    0x000035d2      0x704 ./Drivers/STM32F1xx_HAL_Driver/Src/stm32f1xx_hal.o
 .debug_info    0x00003cd6      0xa87 ./Drivers/STM32F1xx_HAL_Driver/Src/stm32f1xx_hal_cortex.o
 .debug_info    0x0000475d      0x6d2 ./Drivers/STM32F1xx_HAL_Driver/Src/stm32f1xx_hal_dma.o
 .debug_info    0x00004e2f      0x5ab ./Drivers/STM32F1xx_HAL_Driver/Src/stm32f1xx_hal_gpio.o
 .debug_info    0x000053da     0x2524 ./Drivers/STM32F1xx_HAL_Driver/Src/stm32f1xx_hal_i2c.o
 .debug_info    0x000078fe      0x7d5 ./Drivers/STM32F1xx_HAL_Driver/Src/stm32f1xx_hal_rcc.o
 .debug_info    0x000080d3     0x2eed ./Drivers/STM32F1xx_HAL_Driver/Src/stm32f1xx_hal_uart.o

.debug_abbrev   0x00000000     0x1cfb
 .debug_abbrev  0x00000000      0x2e0 ./Core/Src/main.o
 .debug_abbrev  0x000002e0      0x1ec ./Core/Src/stm32f1xx_hal_msp.o
 .debug_abbrev  0x000004cc      0x170 ./Core/Src/stm32f1xx_it.o
 .debug_abbrev  0x0000063c      0x13f ./Core/Src/system_stm32f1xx.o
 .debug_abbrev  0x0000077b       0x24 ./Core/Startup/startup_stm32f103rbtx.o
 .debug_abbrev  0x0000079f      0x371 ./Drivers/OLED/ssd1306.o
 .debug_abbrev  0x00000b10       0xcf ./Drivers/OLED/ssd1306_fonts.o
 .debug_abbrev  0x00000bdf      0x201 ./Drivers/STM32F1xx_HAL_Driver/Src/stm32f1xx_hal.o
 .debug_abbrev  0x00000de0      0x2f8 ./Drivers/STM32F1xx_HAL_Driver/Src/stm32f1xx_hal_cortex.o
 .debug_abbrev  0x000010d8      0x20b ./Drivers/STM32F1xx_HAL_Driver/Src/stm32f1xx_hal_dma.o
 .debug_abbrev  0x000012e3      0x1ca ./Drivers/STM32F1xx_HAL_Driver/Src/stm32f1xx_hal_gpio.o
 .debug_abbrev  0x000014ad      0x2a3 ./Drivers/STM32F1xx_HAL_Driver/Src/stm32f1xx_hal_i2c.o
 .debug_abbrev  0x00001750      0x2b3 ./Drivers/STM32F1xx_HAL_Driver/Src/stm32f1xx_hal_rcc.o
 .debug_abbrev  0x00001a03      0x2f8 ./Drivers/STM32F1xx_HAL_Driver/Src/stm32f1xx_hal_uart.o

.debug_aranges  0x00000000      0xa48
 .debug_aranges
                0x00000000       0x50 ./Core/Src/main.o
 .debug_aranges
                0x00000050       0x40 ./Core/Src/stm32f1xx_hal_msp.o
 .debug_aranges
                0x00000090       0x70 ./Core/Src/stm32f1xx_it.o
 .debug_aranges
                0x00000100       0x28 ./Core/Src/system_stm32f1xx.o
 .debug_aranges
                0x00000128       0x28 ./Core/Startup/startup_stm32f103rbtx.o
 .debug_aranges
                0x00000150       0xe8 ./Drivers/OLED/ssd1306.o
 .debug_aranges
                0x00000238       0x18 ./Drivers/OLED/ssd1306_fonts.o
 .debug_aranges
                0x00000250       0xe0 ./Drivers/STM32F1xx_HAL_Driver/Src/stm32f1xx_hal.o
 .debug_aranges
                0x00000330      0x100 ./Drivers/STM32F1xx_HAL_Driver/Src/stm32f1xx_hal_cortex.o
 .debug_aranges
                0x00000430       0x80 ./Drivers/STM32F1xx_HAL_Driver/Src/stm32f1xx_hal_dma.o
 .debug_aranges
                0x000004b0       0x58 ./Drivers/STM32F1xx_HAL_Driver/Src/stm32f1xx_hal_gpio.o
 .debug_aranges
                0x00000508      0x2a8 ./Drivers/STM32F1xx_HAL_Driver/Src/stm32f1xx_hal_i2c.o
 .debug_aranges
                0x000007b0       0x90 ./Drivers/STM32F1xx_HAL_Driver/Src/stm32f1xx_hal_rcc.o
 .debug_aranges
                0x00000840      0x208 ./Drivers/STM32F1xx_HAL_Driver/Src/stm32f1xx_hal_uart.o

.debug_rnglists
                0x00000000      0x800
 .debug_rnglists
                0x00000000       0x38 ./Core/Src/main.o
 .debug_rnglists
                0x00000038       0x2d ./Core/Src/stm32f1xx_hal_msp.o
 .debug_rnglists
                0x00000065       0x4f ./Core/Src/stm32f1xx_it.o
 .debug_rnglists
                0x000000b4       0x1a ./Core/Src/system_stm32f1xx.o
 .debug_rnglists
                0x000000ce       0x19 ./Core/Startup/startup_stm32f103rbtx.o
 .debug_rnglists
                0x000000e7       0xb4 ./Drivers/OLED/ssd1306.o
 .debug_rnglists
                0x0000019b       0xa3 ./Drivers/STM32F1xx_HAL_Driver/Src/stm32f1xx_hal.o
 .debug_rnglists
                0x0000023e       0xbb ./Drivers/STM32F1xx_HAL_Driver/Src/stm32f1xx_hal_cortex.o
 .debug_rnglists
                0x000002f9       0x64 ./Drivers/STM32F1xx_HAL_Driver/Src/stm32f1xx_hal_dma.o
 .debug_rnglists
                0x0000035d       0x3f ./Drivers/STM32F1xx_HAL_Driver/Src/stm32f1xx_hal_gpio.o
 .debug_rnglists
                0x0000039c      0x23c ./Drivers/STM32F1xx_HAL_Driver/Src/stm32f1xx_hal_i2c.o
 .debug_rnglists
                0x000005d8       0x6c ./Drivers/STM32F1xx_HAL_Driver/Src/stm32f1xx_hal_rcc.o
 .debug_rnglists
                0x00000644      0x1bc ./Drivers/STM32F1xx_HAL_Driver/Src/stm32f1xx_hal_uart.o

.debug_macro    0x00000000    0x16cc8
 .debug_macro   0x00000000      0x1fc ./Core/Src/main.o
 .debug_macro   0x000001fc      0xacc ./Core/Src/main.o
 .debug_macro   0x00000cc8      0x221 ./Core/Src/main.o
 .debug_macro   0x00000ee9       0x2e ./Core/Src/main.o
 .debug_macro   0x00000f17       0x22 ./Core/Src/main.o
 .debug_macro   0x00000f39       0x22 ./Core/Src/main.o
 .debug_macro   0x00000f5b       0x8e ./Core/Src/main.o
 .debug_macro   0x00000fe9       0x51 ./Core/Src/main.o
 .debug_macro   0x0000103a      0x103 ./Core/Src/main.o
 .debug_macro   0x0000113d       0x6a ./Core/Src/main.o
 .debug_macro   0x000011a7      0x1df ./Core/Src/main.o
 .debug_macro   0x00001386       0x1c ./Core/Src/main.o
 .debug_macro   0x000013a2       0x22 ./Core/Src/main.o
 .debug_macro   0x000013c4       0xbd ./Core/Src/main.o
 .debug_macro   0x00001481      0xd23 ./Core/Src/main.o
 .debug_macro   0x000021a4     0xe09e ./Core/Src/main.o
 .debug_macro   0x00010242       0x6d ./Core/Src/main.o
 .debug_macro   0x000102af     0x34a2 ./Core/Src/main.o
 .debug_macro   0x00013751      0x190 ./Core/Src/main.o
 .debug_macro   0x000138e1       0x5c ./Core/Src/main.o
 .debug_macro   0x0001393d      0x5bc ./Core/Src/main.o
 .debug_macro   0x00013ef9      0x289 ./Core/Src/main.o
 .debug_macro   0x00014182      0x1cb ./Core/Src/main.o
 .debug_macro   0x0001434d      0x114 ./Core/Src/main.o
 .debug_macro   0x00014461      0x1b2 ./Core/Src/main.o
 .debug_macro   0x00014613       0x27 ./Core/Src/main.o
 .debug_macro   0x0001463a      0x136 ./Core/Src/main.o
 .debug_macro   0x00014770      0x1bc ./Core/Src/main.o
 .debug_macro   0x0001492c       0x34 ./Core/Src/main.o
 .debug_macro   0x00014960       0x3c ./Core/Src/main.o
 .debug_macro   0x0001499c       0x57 ./Core/Src/main.o
 .debug_macro   0x000149f3       0x87 ./Core/Src/main.o
 .debug_macro   0x00014a7a      0x240 ./Core/Src/main.o
 .debug_macro   0x00014cba      0x287 ./Core/Src/main.o
 .debug_macro   0x00014f41      0x140 ./Core/Src/main.o
 .debug_macro   0x00015081      0x28e ./Core/Src/main.o
 .debug_macro   0x0001530f       0x83 ./Core/Src/main.o
 .debug_macro   0x00015392       0x61 ./Core/Src/main.o
 .debug_macro   0x000153f3       0x24 ./Core/Src/main.o
 .debug_macro   0x00015417       0x43 ./Core/Src/main.o
 .debug_macro   0x0001545a       0x34 ./Core/Src/main.o
 .debug_macro   0x0001548e       0x52 ./Core/Src/main.o
 .debug_macro   0x000154e0       0x40 ./Core/Src/main.o
 .debug_macro   0x00015520      0x1a2 ./Core/Src/stm32f1xx_hal_msp.o
 .debug_macro   0x000156c2      0x1ac ./Core/Src/stm32f1xx_it.o
 .debug_macro   0x0001586e      0x198 ./Core/Src/system_stm32f1xx.o
 .debug_macro   0x00015a06      0x2c3 ./Drivers/OLED/ssd1306.o
 .debug_macro   0x00015cc9       0x28 ./Drivers/OLED/ssd1306.o
 .debug_macro   0x00015cf1      0x19b ./Drivers/OLED/ssd1306.o
 .debug_macro   0x00015e8c       0x16 ./Drivers/OLED/ssd1306.o
 .debug_macro   0x00015ea2       0x20 ./Drivers/OLED/ssd1306.o
 .debug_macro   0x00015ec2      0x1ee ./Drivers/OLED/ssd1306_fonts.o
 .debug_macro   0x000160b0      0x1bc ./Drivers/STM32F1xx_HAL_Driver/Src/stm32f1xx_hal.o
 .debug_macro   0x0001626c      0x198 ./Drivers/STM32F1xx_HAL_Driver/Src/stm32f1xx_hal_cortex.o
 .debug_macro   0x00016404      0x198 ./Drivers/STM32F1xx_HAL_Driver/Src/stm32f1xx_hal_dma.o
 .debug_macro   0x0001659c      0x203 ./Drivers/STM32F1xx_HAL_Driver/Src/stm32f1xx_hal_gpio.o
 .debug_macro   0x0001679f      0x1e6 ./Drivers/STM32F1xx_HAL_Driver/Src/stm32f1xx_hal_i2c.o
 .debug_macro   0x00016985      0x1aa ./Drivers/STM32F1xx_HAL_Driver/Src/stm32f1xx_hal_rcc.o
 .debug_macro   0x00016b2f      0x199 ./Drivers/STM32F1xx_HAL_Driver/Src/stm32f1xx_hal_uart.o

.debug_line     0x00000000     0xcfc1
 .debug_line    0x00000000      0x931 ./Core/Src/main.o
 .debug_line    0x00000931      0x765 ./Core/Src/stm32f1xx_hal_msp.o
 .debug_line    0x00001096      0x756 ./Core/Src/stm32f1xx_it.o
 .debug_line    0x000017ec      0x6f6 ./Core/Src/system_stm32f1xx.o
 .debug_line    0x00001ee2       0x78 ./Core/Startup/startup_stm32f103rbtx.o
 .debug_line    0x00001f5a     0x10dd ./Drivers/OLED/ssd1306.o
 .debug_line    0x00003037      0x776 ./Drivers/OLED/ssd1306_fonts.o
 .debug_line    0x000037ad      0x927 ./Drivers/STM32F1xx_HAL_Driver/Src/stm32f1xx_hal.o
 .debug_line    0x000040d4      0xaf1 ./Drivers/STM32F1xx_HAL_Driver/Src/stm32f1xx_hal_cortex.o
 .debug_line    0x00004bc5      0xd31 ./Drivers/STM32F1xx_HAL_Driver/Src/stm32f1xx_hal_dma.o
 .debug_line    0x000058f6      0x984 ./Drivers/STM32F1xx_HAL_Driver/Src/stm32f1xx_hal_gpio.o
 .debug_line    0x0000627a     0x3b24 ./Drivers/STM32F1xx_HAL_Driver/Src/stm32f1xx_hal_i2c.o
 .debug_line    0x00009d9e      0xde0 ./Drivers/STM32F1xx_HAL_Driver/Src/stm32f1xx_hal_rcc.o
 .debug_line    0x0000ab7e     0x2443 ./Drivers/STM32F1xx_HAL_Driver/Src/stm32f1xx_hal_uart.o

.debug_str      0x00000000    0x84e07
 .debug_str     0x00000000    0x84e07 ./Core/Src/main.o
                              0x7f54b (size before relaxing)
 .debug_str     0x00084e07    0x7eaaf ./Core/Src/stm32f1xx_hal_msp.o
 .debug_str     0x00084e07    0x7e575 ./Core/Src/stm32f1xx_it.o
 .debug_str     0x00084e07    0x7e33d ./Core/Src/system_stm32f1xx.o
 .debug_str     0x00084e07       0x7b ./Core/Startup/startup_stm32f103rbtx.o
 .debug_str     0x00084e07    0x828de ./Drivers/OLED/ssd1306.o
 .debug_str     0x00084e07    0x7e8c0 ./Drivers/OLED/ssd1306_fonts.o
 .debug_str     0x00084e07    0x7ea70 ./Drivers/STM32F1xx_HAL_Driver/Src/stm32f1xx_hal.o
 .debug_str     0x00084e07    0x7e9bc ./Drivers/STM32F1xx_HAL_Driver/Src/stm32f1xx_hal_cortex.o
 .debug_str     0x00084e07    0x7e6e6 ./Drivers/STM32F1xx_HAL_Driver/Src/stm32f1xx_hal_dma.o
 .debug_str     0x00084e07    0x7e6c3 ./Drivers/STM32F1xx_HAL_Driver/Src/stm32f1xx_hal_gpio.o
 .debug_str     0x00084e07    0x7f404 ./Drivers/STM32F1xx_HAL_Driver/Src/stm32f1xx_hal_i2c.o
 .debug_str     0x00084e07    0x7e76c ./Drivers/STM32F1xx_HAL_Driver/Src/stm32f1xx_hal_rcc.o
 .debug_str     0x00084e07    0x7eddd ./Drivers/STM32F1xx_HAL_Driver/Src/stm32f1xx_hal_uart.o

.comment        0x00000000       0x43
 .comment       0x00000000       0x43 ./Core/Src/main.o
                                 0x44 (size before relaxing)
 .comment       0x00000043       0x44 ./Core/Src/stm32f1xx_hal_msp.o
 .comment       0x00000043       0x44 ./Core/Src/stm32f1xx_it.o
 .comment       0x00000043       0x44 ./Core/Src/system_stm32f1xx.o
 .comment       0x00000043       0x44 ./Drivers/OLED/ssd1306.o
 .comment       0x00000043       0x44 ./Drivers/OLED/ssd1306_fonts.o
 .comment       0x00000043       0x44 ./Drivers/STM32F1xx_HAL_Driver/Src/stm32f1xx_hal.o
 .comment       0x00000043       0x44 ./Drivers/STM32F1xx_HAL_Driver/Src/stm32f1xx_hal_cortex.o
 .comment       0x00000043       0x44 ./Drivers/STM32F1xx_HAL_Driver/Src/stm32f1xx_hal_dma.o
 .comment       0x00000043       0x44 ./Drivers/STM32F1xx_HAL_Driver/Src/stm32f1xx_hal_gpio.o
 .comment       0x00000043       0x44 ./Drivers/STM32F1xx_HAL_Driver/Src/stm32f1xx_hal_i2c.o
 .comment       0x00000043       0x44 ./Drivers/STM32F1xx_HAL_Driver/Src/stm32f1xx_hal_rcc.o
 .comment       0x00000043       0x44 ./Drivers/STM32F1xx_HAL_Driver/Src/stm32f1xx_hal_uart.o

.debug_frame    0x00000000     0x2a08
 .debug_frame   0x00000000       0xf0 ./Core/Src/main.o
 .debug_frame   0x000000f0       0xc8 ./Core/Src/stm32f1xx_hal_msp.o
 .debug_frame   0x000001b8      0x13c ./Core/Src/stm32f1xx_it.o
 .debug_frame   0x000002f4       0x58 ./Core/Src/system_stm32f1xx.o
 .debug_frame   0x0000034c      0x3e0 ./Drivers/OLED/ssd1306.o
 .debug_frame   0x0000072c      0x334 ./Drivers/STM32F1xx_HAL_Driver/Src/stm32f1xx_hal.o
 .debug_frame   0x00000a60      0x428 ./Drivers/STM32F1xx_HAL_Driver/Src/stm32f1xx_hal_cortex.o
 .debug_frame   0x00000e88      0x208 ./Drivers/STM32F1xx_HAL_Driver/Src/stm32f1xx_hal_dma.o
 .debug_frame   0x00001090      0x14c ./Drivers/STM32F1xx_HAL_Driver/Src/stm32f1xx_hal_gpio.o
 .debug_frame   0x000011dc      0xc84 ./Drivers/STM32F1xx_HAL_Driver/Src/stm32f1xx_hal_i2c.o
 .debug_frame   0x00001e60      0x218 ./Drivers/STM32F1xx_HAL_Driver/Src/stm32f1xx_hal_rcc.o
 .debug_frame   0x00002078      0x944 ./Drivers/STM32F1xx_HAL_Driver/Src/stm32f1xx_hal_uart.o
 .debug_frame   0x000029bc       0x20 /Applications/STM32CubeIDE.app/Contents/Eclipse/plugins/com.st.stm32cube.ide.mcu.externaltools.gnu-tools-for-stm32.13.3.rel1.macos64_1.0.0.202411102158/tools/bin/../lib/gcc/arm-none-eabi/13.3.1/../../../../arm-none-eabi/lib/thumb/v7-m/nofp/libc_nano.a(libc_a-memset.o)
 .debug_frame   0x000029dc       0x2c /Applications/STM32CubeIDE.app/Contents/Eclipse/plugins/com.st.stm32cube.ide.mcu.externaltools.gnu-tools-for-stm32.13.3.rel1.macos64_1.0.0.202411102158/tools/bin/../lib/gcc/arm-none-eabi/13.3.1/../../../../arm-none-eabi/lib/thumb/v7-m/nofp/libc_nano.a(libc_a-init.o)

.debug_line_str
                0x00000000       0x5f
 .debug_line_str
                0x00000000       0x5f ./Core/Startup/startup_stm32f103rbtx.o
